// Vitest Snapshot v1, https://vitest.dev/guide/snapshot.html

exports[`SongTitle renders correctly 1`] = `
<DocumentFragment>
  <div
    class="song-details"
  >
    <h2
      class="song-title mb-2 text-3xl font-bold"
    >
      Test Song
    </h2>
    <div
      class="artist-name mb-4 text-lg text-muted-text dark:text-dark-muted-text"
    >
      Test Artist
    </div>
  </div>
</DocumentFragment>
`;
